
Parameters:
ALLOW_SOFT_PLACEMENT=True
BATCH_SIZE=100
CHECKPOINT_EVERY=60
DATA_FILE=data/instances.bin
DEV_SAMPLE_PERCENTAGE=0.25
DROPOUT_KEEP_PROB=0.2
EMBEDDING_DIM=50
EVALUATE_EVERY=60
FILTER_SIZES=3,4,5
L2_REG_LAMBDA=0.05
LOG_DEVICE_PLACEMENT=False
NUM_EPOCHS=200
NUM_FILTERS=100

Loading data...
Vocabulary Size: 22132
Train/Dev split: 6000/2000
